<html>
<body>
<pre>
<h1>礦ision Build Log</h1>
<h2>Tool Versions:</h2>
IDE-Version: μVision V5.28.0.0
Copyright (C) 2019 ARM Ltd and ARM Germany GmbH. All rights reserved.
License Information: SY Z, SDU, LIC=IK1BF-6DZAS-RABDM-XDK8F-CBLKG-VAE7I
 
Tool Versions:
Toolchain:       MDK-ARM Plus  Version: 5.28.0.0
Toolchain Path:  C:\Keil_v528\ARM\ARMCC\Bin
C Compiler:      Armcc.exe V5.06 update 6 (build 750)
Assembler:       Armasm.exe V5.06 update 6 (build 750)
Linker/Locator:  ArmLink.exe V5.06 update 6 (build 750)
Library Manager: ArmAr.exe V5.06 update 6 (build 750)
Hex Converter:   FromElf.exe V5.06 update 6 (build 750)
CPU DLL:         SARMCM3.DLL V5.28.0.0
Dialog DLL:      DCM.DLL V1.17.3.0
Target DLL:      STLink\ST-LINKIII-KEIL_SWO.dll V3.0.6.0
Dialog DLL:      TCM.DLL V1.36.2.0
 
<h2>Project:</h2>
C:\Users\Z\Documents\WeChat Files\wxid_58w05w8q3xi112\FileStorage\File\2021-11\test\ackermann-20210709-新版本舵机-限位优化-解决定位不准情况\User\Minibalance.uvprojx
Project File Date:  01/07/2022

<h2>Output:</h2>
*** Using Compiler 'V5.06 update 6 (build 750)', folder: 'C:\Keil_v528\ARM\ARMCC\Bin'
Build target 'Minibalance'
assembling core_cm3.s...
..\obj\core_cm3.s(1): warning: A1313W: Missing END directive at end of file
assembling startup_stm32f10x_hd.s...
compiling core_cm3.c...
compiling LED.C...
linking...
Program Size: Code=35506 RO-data=3438 RW-data=444 ZI-data=3076  
FromELF: creating hex file...
"..\OBJ\Minibalance.axf" - 0 Error(s), 1 Warning(s).

<h2>Software Packages used:</h2>

Package Vendor: Keil
                http://www.keil.com/pack/Keil.STM32F1xx_DFP.2.3.0.pack
                Keil.STM32F1xx_DFP.2.3.0
                STMicroelectronics STM32F1 Series Device Support, Drivers and Examples

<h2>Collection of Component include folders:</h2>
  .\RTE\_Minibalance
  C:\Users\Z\AppData\Local\Arm\Packs\Keil\STM32F1xx_DFP\2.3.0\Device\Include

<h2>Collection of Component Files used:</h2>
Build Time Elapsed:  00:00:01
</pre>
</body>
</html>
